/audio/cues/transient/massive (1.2000000476837158,)
/audio/cues/transient/massive (1.2000000476837158,)
/audio/cues/transient/massive (0.9778057932853699,)
/audio/cues/transient/massive (0.9658545851707458,)
/audio/cues/transient/massive (1.2000000476837158,)
/audio/cues/transient/massive (0.916632354259491,)
/audio/cues/transient/massive (1.2000000476837158,)
/audio/cues/transient/massive (0.8747566342353821,)
/audio/cues/transient/massive (0.9996107220649719,)
/audio/cues/transient/massive (1.2000000476837158,)
/audio/cues/transient/massive (0.9990387558937073,)
/audio/cues/transient/massive (1.2000000476837158,)
/audio/cues/transient/massive (0.9982650279998779,)
/audio/cues/transient/massive (1.2000000476837158,)
/audio/cues/transient/massive (0.9999353289604187,)
/audio/cues/transient/massive (0.9990496039390564,)
/audio/cues/transient/massive (1.2000000476837158,)
/audio/cues/transient/massive (0.9607124924659729,)
/audio/cues/transient/massive (1.2000000476837158,)
/audio/cues/transient/massive (0.8505747318267822,)
/audio/cues/transient/massive (1.2000000476837158,)
/audio/cues/transient/massive (0.9174495935440063,)
/audio/cues/transient/massive (0.9567286372184753,)
/audio/cues/transient/massive (1.2000000476837158,)
/audio/cues/transient/massive (0.9999927282333374,)
/audio/cues/transient/massive (0.870248556137085,)
/audio/cues/transient/massive (0.8968111872673035,)
/audio/cues/transient/massive (0.9997666478157043,)
/audio/cues/transient/massive (0.8678563237190247,)
/audio/cues/transient/massive (1.2000000476837158,)
/audio/cues/transient/massive (0.9301844239234924,)
/audio/cues/transient/massive (0.9956457614898682,)
/audio/cues/transient/massive (0.9292972087860107,)
/audio/cues/transient/massive (1.2000000476837158,)
/audio/cues/transient/massive (0.8752939105033875,)
/audio/cues/transient/massive (1.2000000476837158,)
/audio/cues/transient/massive (1.2000000476837158,)
/audio/cues/transient/massive (0.9939820766448975,)
/audio/cues/transient/massive (0.9170390963554382,)
/audio/cues/transient/massive (0.8549503684043884,)
/audio/cues/transient/massive (0.9878457188606262,)
/audio/cues/transient/massive (0.9878709316253662,)
/audio/cues/transient/massive (0.9073691964149475,)
/audio/cues/transient/massive (0.9942347407341003,)
/audio/cues/transient/massive (0.9178709983825684,)
/audio/cues/transient/massive (1.2000000476837158,)
/audio/cues/transient/massive (1.2000000476837158,)
/audio/cues/transient/massive (1.2000000476837158,)
/audio/cues/transient/massive (0.8834897875785828,)
/audio/cues/transient/massive (1.2000000476837158,)
/audio/cues/transient/massive (0.9999377131462097,)
/audio/cues/transient/massive (1.2000000476837158,)
/audio/cues/transient/massive (0.9678374528884888,)
/audio/cues/transient/massive (0.9792653322219849,)
/audio/cues/transient/massive (0.9290530681610107,)
/audio/cues/transient/massive (1.2000000476837158,)
/audio/cues/transient/massive (0.876989483833313,)
/audio/cues/transient/massive (1.2000000476837158,)
/audio/cues/transient/massive (0.9899457693099976,)
/audio/cues/transient/massive (0.9435315132141113,)
/audio/cues/transient/massive (1.2000000476837158,)
/audio/cues/transient/massive (1.2000000476837158,)
/audio/cues/transient/massive (0.9229769706726074,)
/audio/cues/transient/massive (0.998730480670929,)
/audio/cues/transient/massive (1.2000000476837158,)
/audio/cues/transient/massive (0.9987215995788574,)
/audio/cues/transient/massive (1.2000000476837158,)
/audio/cues/transient/massive (0.8885267376899719,)
/audio/cues/transient/massive (1.2000000476837158,)
/audio/cues/transient/massive (1.2000000476837158,)
/audio/cues/transient/massive (0.8828111290931702,)
/audio/cues/transient/massive (1.2000000476837158,)
/audio/cues/transient/massive (1.2000000476837158,)
/audio/cues/transient/massive (0.9923457503318787,)
